1. Registering User...
User might already exist (Status: ). Proceeding to login.

2. Logging in...
powershell : 
C:\Users\cheikh\Docum
Au caractère Ligne:1 
: 1
+ powershell 
-ExecutionPolicy 
Bypass -File C:\Users
\cheikh\Documents\ja 
...
+ ~~~~~~~~~~~~~~~~~~~
~~~~~~~~~~~~~~~~~~~~~
~~~~~~~~~~~~~~~~~~~~~
~~~~~~~~
    + CategoryInfo   
           : NotSpe  
  cified: (C:\User   
 s\cheikh\Docum:S    
tring) [], Remot    
eException
    + FullyQualified 
   ErrorId : Native  
  CommandError
 
ents\java\jdsbackend\
SimpleRefreshTest.ps1
 : Login failed. 
Stopping script.
    + CategoryInfo   
           : NotSpe  
  cified: (:) [Wri   
 te-Error], Write    
ErrorException
    + FullyQualified 
   ErrorId : Micros  
  oft.PowerShell.C   
 ommands.WriteErr    
orException,Simp    
leRefreshTest.ps    1
 
